com\gcu\model\ProductsModel.class
com\gcu\model\RegisterModel.class
com\gcu\data\UsersDataService.class
com\gcu\business\ProductsBusinessService.class
com\gcu\data\ProductsRepositoryInterface.class
com\gcu\LoginController.class
com\gcu\ProductsController.class
com\gcu\ProductsControllerForPages.class
com\gcu\data\ProductsDataService.class
com\gcu\model\ProductsMapper.class
com\gcu\util\AopConfiguration.class
com\gcu\data\UsersDataServiceForRepository.class
com\gcu\model\UsersMapper.class
com\gcu\data\ProductsDataServiceForRepository.class
com\gcu\data\UsersDataAccessInterface.class
com\gcu\business\UsersBusinessService.class
com\gcu\SpringConfig.class
com\gcu\data\UsersRepositoryInterface.class
com\gcu\model\LoginModel.class
com\gcu\RegisterController.class
com\gcu\IndexController.class
com\gcu\model\SearchOrdersModel.class
com\gcu\util\Tracer.class
com\gcu\MilestoneApplication.class
com\gcu\data\ProductsDataAccessInterface.class
com\gcu\business\SecurityServiceInterface.class
com\gcu\model\ProductEntity.class
com\gcu\model\UserEntity.class
com\gcu\business\FiveValidLogins.class
com\gcu\business\ProductsBusinessServiceInterface.class
com\gcu\business\UsersBusinessServiceInterface.class
